[www.hotelans.co.in/index.html]
[backblue.gif]
[fade.gif]
[index.html]
[www.hotelans.co.in/wp-content/uploads/2022/06/HomePage-Hero-Shape.png]
[www.hotelans.co.in/wp-content/themes/hestia/assets/bootstrap/css/bootstrap.min20b9.css]
[www.hotelans.co.in/wp-content/themes/hestia/assets/css/font-sizes.min63c4.css]
[www.hotelans.co.in/wp-includes/css/dist/block-library/style.min3781.css]
[www.hotelans.co.in/feed/index.html]
[www.hotelans.co.in/comments/feed/index.html]
[www.hotelans.co.in/wp-includes/css/classic-themes.min3781.css]
[www.hotelans.co.in/wp-content/plugins/chaty/css/chaty-front.minec6f.css]
[www.hotelans.co.in/wp-content/plugins/themeisle-companion/obfx_modules/companion-legacy/assets/css/hestia/clients-bar3781.css]
[www.hotelans.co.in/wp-content/themes/hestia/style.min63c4.css]
[www.hotelans.co.in/wp-content/plugins/elementor/assets/lib/eicons/css/elementor-icons.minfc13.css]
[www.hotelans.co.in/wp-content/plugins/elementor/assets/css/frontend-lite.mina1c3.css]
[www.hotelans.co.in/wp-content/plugins/elementor/assets/lib/swiper/css/swiper.min48f5.css]
[www.hotelans.co.in/wp-content/uploads/elementor/css/post-591ca.css]
[www.hotelans.co.in/wp-content/plugins/elementor-pro/assets/css/frontend-lite.min007f.css]
[www.hotelans.co.in/wp-content/themes/hestia/assets/css/page-builder-style63c4.css]
[www.hotelans.co.in/wp-content/uploads/elementor/css/post-703386c.css]
[www.hotelans.co.in/wp-content/uploads/elementor/css/post-708386c.css]
[www.hotelans.co.in/wp-content/plugins/essential-addons-for-elementor-lite/assets/front-end/css/view/general.min69c8.css]
[www.hotelans.co.in/wp-content/plugins/elementor/assets/lib/font-awesome/css/fontawesome.min52d5.css]
[www.hotelans.co.in/wp-content/uploads/elementor/css/post-78ca4e.css]
[www.hotelans.co.in/wp-content/plugins/elementor/assets/lib/font-awesome/css/solid.min52d5.css]
[www.hotelans.co.in/wp-includes/js/jquery/jquery.min5aed.js]
[www.hotelans.co.in/wp-includes/js/jquery/jquery-migrate.min6b00.js]
[www.hotelans.co.in/wp-json/wp/v2/pages/78.json]
[www.hotelans.co.in/xmlrpc0db0.php]
[www.hotelans.co.in/wp-includes/wlwmanifest.xml]
[www.hotelans.co.in/wp-json/index.html]
[www.hotelans.co.in/wp-json/oembed/1.0/embed5340.json]
[www.hotelans.co.in/wp-content/uploads/2022/06/Ans-Intl.-logo-02-150x150.png]
[www.hotelans.co.in/wp-json/oembed/1.0/embed8673]
[www.hotelans.co.in/wp-content/uploads/2022/06/Ans-Intl.-logo-02-300x300.png]
[www.hotelans.co.in/wp-content/uploads/2022/06/cropped-Ans-Intl.-logo-03.png]
[www.hotelans.co.in/wp-content/plugins/elementor-pro/assets/css/widget-nav-menu.min.css]
[www.hotelans.co.in/wp-content/plugins/elementor/assets/css/widget-icon-list.min.css]
[www.hotelans.co.in/aboutus/index.html]
[www.hotelans.co.in/events-and-celebrations/index.html]
[www.hotelans.co.in/restaurants-and-bar/index.html]
[www.hotelans.co.in/wp-content/plugins/elementor-pro/assets/css/widget-call-to-action.min.css]
[www.hotelans.co.in/contact-us/index.html]
[www.hotelans.co.in/wp-content/uploads/2022/06/Untitled-design10-min.png]
[www.hotelans.co.in/wp-content/uploads/2022/07/Image-not-provided.png]
[www.hotelans.co.in/wp-content/uploads/2022/06/Untitled-design11-min.png]
[www.hotelans.co.in/wp-content/plugins/elementor-pro/assets/css/widget-carousel.min.css]
[www.hotelans.co.in/wp-content/plugins/elementor/assets/lib/e-gallery/css/e-gallery.min7359.css]
[www.hotelans.co.in/wp-content/plugins/chaty/js/cht-front-script.minec6f.js]
[www.hotelans.co.in/wp-includes/js/comment-reply.min3781.js]
[www.hotelans.co.in/wp-content/themes/hestia/assets/bootstrap/js/bootstrap.min20b9.js]
[www.hotelans.co.in/wp-includes/js/jquery/ui/core.min3f14.js]
[www.hotelans.co.in/wp-content/themes/hestia/assets/js/script.min63c4.js]
[www.hotelans.co.in/wp-content/plugins/essential-addons-for-elementor-lite/assets/front-end/js/view/general.min69c8.js]
[www.hotelans.co.in/wp-content/plugins/elementor-pro/assets/lib/smartmenus/jquery.smartmenus.minf269.js]
[www.hotelans.co.in/wp-content/plugins/elementor/assets/lib/e-gallery/js/e-gallery.min7359.js]
[www.hotelans.co.in/wp-includes/js/imagesloaded.mineda1.js]
[www.hotelans.co.in/wp-content/plugins/elementor-pro/assets/js/webpack-pro.runtime.min007f.js]
[www.hotelans.co.in/wp-content/plugins/elementor/assets/js/webpack.runtime.mina1c3.js]
[www.hotelans.co.in/wp-content/plugins/elementor/assets/js/frontend-modules.mina1c3.js]
[www.hotelans.co.in/wp-includes/js/dist/vendor/wp-polyfill-inert.min0226.js]
[www.hotelans.co.in/wp-includes/js/dist/vendor/regenerator-runtime.min8fa4.js]
[www.hotelans.co.in/wp-includes/js/dist/vendor/wp-polyfill.min2c7c.js]
[www.hotelans.co.in/wp-includes/js/dist/hooks.min6c65.js]
[www.hotelans.co.in/wp-includes/js/dist/i18n.mine57b.js]
[www.hotelans.co.in/wp-content/plugins/elementor-pro/assets/js/frontend.min007f.js]
[www.hotelans.co.in/wp-content/plugins/elementor/assets/lib/waypoints/waypoints.min05da.js]
[www.hotelans.co.in/wp-content/plugins/elementor/assets/js/frontend.mina1c3.js]
[www.hotelans.co.in/wp-content/plugins/elementor-pro/assets/js/elements-handlers.min007f.js]
[www.hotelans.co.in/wp-content/plugins/elementor-pro/assets/lib/sticky/jquery.sticky.min007f.js]
[www.hotelans.co.in/index.html]
[www.hotelans.co.in/wp-content/themes/hestia/assets/bootstrap/css/bootstrap.min20b9.css]
[www.hotelans.co.in/wp-content/themes/hestia/assets/css/font-sizes.min63c4.css]
[www.hotelans.co.in/wp-includes/css/dist/block-library/style.min3781.css]
[www.hotelans.co.in/wp-includes/css/classic-themes.min3781.css]
[www.hotelans.co.in/wp-content/plugins/chaty/images/whatsapp.png]
[www.hotelans.co.in/wp-content/plugins/chaty/images/header-top.png]
[www.hotelans.co.in/wp-content/plugins/chaty/images/header-bottom.png]
[www.hotelans.co.in/wp-content/plugins/chaty/css/chaty-front.minec6f.css]
[www.hotelans.co.in/wp-content/plugins/themeisle-companion/obfx_modules/companion-legacy/assets/css/hestia/clients-bar3781.css]
[www.hotelans.co.in/wp-content/themes/hestia/style.min63c4.css]
[www.hotelans.co.in/wp-content/plugins/elementor/assets/lib/eicons/fonts/eiconsb732.eot]
[www.hotelans.co.in/wp-content/plugins/elementor/assets/lib/eicons/fonts/eiconsb732.woff2]
[www.hotelans.co.in/wp-content/plugins/elementor/assets/lib/eicons/fonts/eiconsb732.woff]
[www.hotelans.co.in/wp-content/plugins/elementor/assets/lib/eicons/fonts/eiconsb732.ttf]
[www.hotelans.co.in/wp-content/plugins/elementor/assets/lib/eicons/css/elementor-icons.minfc13.css]
[www.hotelans.co.in/wp-content/plugins/elementor/assets/css/frontend-lite.mina1c3.css]
[www.hotelans.co.in/wp-content/plugins/elementor/assets/lib/swiper/css/swiper.min48f5.css]
[www.hotelans.co.in/wp-content/uploads/elementor/css/post-591ca.css]
[www.hotelans.co.in/wp-content/plugins/elementor-pro/assets/css/frontend-lite.min007f.css]
[www.hotelans.co.in/wp-content/themes/hestia/assets/css/page-builder-style63c4.css]
[www.hotelans.co.in/wp-content/plugins/elementor/assets/lib/eicons/fonts/eiconsb732.svg]
[www.hotelans.co.in/wp-content/uploads/2022/06/Banner-Image-scaled.jpg]
[www.hotelans.co.in/wp-content/uploads/2022/06/Bar-CTA-Shape.png]
[www.hotelans.co.in/wp-content/uploads/2022/06/HomePage-GallerySection-Shape.png]
[www.hotelans.co.in/wp-content/uploads/2022/06/HappyHour-CTA-BG.png]
[www.hotelans.co.in/wp-content/uploads/2022/06/HomePage-TestimonialsSection-Shape.png]
[www.hotelans.co.in/wp-content/uploads/elementor/css/post-78ca4e.css]
[www.hotelans.co.in/wp-content/uploads/elementor/css/post-703386c.css]
[www.hotelans.co.in/wp-content/uploads/elementor/css/post-708386c.css]
[www.hotelans.co.in/wp-content/plugins/essential-addons-for-elementor-lite/assets/front-end/css/view/general.min69c8.css]
[www.hotelans.co.in/wp-content/plugins/elementor/assets/lib/font-awesome/css/fontawesome.min52d5.css]
[www.hotelans.co.in/wp-content/plugins/elementor/assets/lib/font-awesome/webfonts/fa-solid-900.eot]
[www.hotelans.co.in/wp-content/plugins/elementor/assets/lib/font-awesome/webfonts/fa-solid-900d41d.eot]
[www.hotelans.co.in/wp-content/plugins/elementor/assets/lib/font-awesome/webfonts/fa-solid-900.woff2]
[www.hotelans.co.in/wp-content/plugins/elementor/assets/lib/font-awesome/webfonts/fa-solid-900.woff]
[www.hotelans.co.in/wp-content/plugins/elementor/assets/lib/font-awesome/webfonts/fa-solid-900.ttf]
[www.hotelans.co.in/wp-content/plugins/elementor/assets/lib/font-awesome/css/solid.min52d5.css]
[www.hotelans.co.in/wp-content/plugins/elementor-pro/assets/css/widget-nav-menu.min.css]
[www.hotelans.co.in/wp-content/uploads/2022/06/AboutPage-ChefSection-Shape.png]
[www.hotelans.co.in/wp-content/uploads/elementor/css/post-257c711.css]
[www.hotelans.co.in/wp-json/wp/v2/pages/257.json]
[www.hotelans.co.in/wp-json/oembed/1.0/embed94b1.json]
[www.hotelans.co.in/wp-json/oembed/1.0/embed91cc]
[www.hotelans.co.in/aboutus/index.html]
[www.hotelans.co.in/wp-content/plugins/elementor/assets/lib/font-awesome/webfonts/fa-solid-900.svg]
[www.hotelans.co.in/wp-content/uploads/elementor/css/post-20304d8.css]
[www.hotelans.co.in/wp-json/oembed/1.0/embed3f99.json]
[www.hotelans.co.in/wp-json/wp/v2/pages/203.json]
[www.hotelans.co.in/wp-json/oembed/1.0/embedcf05]
[www.hotelans.co.in/restaurants-and-bar/index.html]
[www.hotelans.co.in/wp-content/uploads/elementor/css/post-383a833.css]
[www.hotelans.co.in/wp-json/wp/v2/pages/383.json]
[www.hotelans.co.in/wp-json/oembed/1.0/embedab90.json]
[www.hotelans.co.in/wp-json/oembed/1.0/embed555f]
[www.hotelans.co.in/wp-content/uploads/2022/07/IMG-20220701-WA0018.jpg]
[www.hotelans.co.in/wp-content/uploads/2022/07/IMG-20220701-WA0017.jpg]
[www.hotelans.co.in/wp-content/uploads/2022/07/IMG-20220701-WA0013.jpg]
[www.hotelans.co.in/wp-content/uploads/2022/07/IMG-20220701-WA0012.jpg]
[www.hotelans.co.in/wp-content/uploads/2022/07/IMG-20220701-WA0011.jpg]
[www.hotelans.co.in/wp-content/uploads/2022/07/IMG-20220701-WA0010.jpg]
[www.hotelans.co.in/wp-content/uploads/2022/07/IMG-20220701-WA0009.jpg]
[www.hotelans.co.in/wp-content/uploads/2022/07/IMG-20220701-WA0006.jpg]
[www.hotelans.co.in/wp-content/uploads/2022/07/IMG-20220701-WA0005.jpg]
[www.hotelans.co.in/wp-content/uploads/2022/07/IMG-20220701-WA0002.jpg]
[www.hotelans.co.in/events-and-celebrations/index.html]
[www.hotelans.co.in/wp-content/uploads/elementor/css/post-27826bc.css]
[www.hotelans.co.in/wp-json/wp/v2/pages/278.json]
[www.hotelans.co.in/wp-json/oembed/1.0/embedc71e.json]
[www.hotelans.co.in/wp-json/oembed/1.0/embed66b3]
[www.hotelans.co.in/cdn-cgi/l/email-protection.html]
[www.hotelans.co.in/contact-us/index.html]
[www.hotelans.co.in/wp-content/plugins/elementor/assets/css/widget-icon-list.min.css]
[www.hotelans.co.in/wp-content/plugins/elementor-pro/assets/css/widget-call-to-action.min.css]
[www.hotelans.co.in/cdn-cgi/scripts/5c5dd728/cloudflare-static/email-decode.min.js]
[www.hotelans.co.in/wp-content/plugins/elementor-pro/assets/css/widget-carousel.min.css]
[www.hotelans.co.in/home/index.html]
[www.hotelans.co.in/wp-content/plugins/elementor/assets/lib/e-gallery/css/e-gallery.min7359.css]
[www.hotelans.co.in/wp-content/plugins/elementor/assets/lib/eicons/fonts/eiconsb732.svg]
[www.hotelans.co.in/wp-content/plugins/elementor/assets/lib/font-awesome/webfonts/fa-solid-900.svg]
[www.hotelans.co.in/wp-content/uploads/2022/06/Untitled-design10-min.png]
[www.hotelans.co.in/wp-content/uploads/2022/06/AboutPage-Hero-Shape.png]
[www.hotelans.co.in/wp-content/uploads/2022/06/WhatsApp-Image-2022-06-21-at-5.47.51-PM.jpg]
[www.hotelans.co.in/wp-content/uploads/2022/06/WhatsApp-Image-2022-06-21-at-5.49.02-PM.jpg]
[www.hotelans.co.in/wp-content/uploads/2022/06/Untitled-design10.png]
[www.hotelans.co.in/wp-content/uploads/elementor/css/post-257c711.css]
[www.hotelans.co.in/index548d.html]
[www.hotelans.co.in/wp-content/uploads/2022/06/WhatsApp-Image-2022-06-21-at-5.09.49-PM.jpg]
[www.hotelans.co.in/wp-content/uploads/2022/06/WhatsApp-Image-2022-06-21-at-3.31.41-PM.jpg]
[www.hotelans.co.in/wp-content/uploads/2022/07/pexels-prem-pal-singh-tanwar-602750-scaled.jpg]
[www.hotelans.co.in/wp-content/uploads/2022/06/WhatsApp-Image-2022-06-22-at-3.44.30-PM.jpg]
[www.hotelans.co.in/wp-content/uploads/2022/07/pexels-saveurs-secretes-7394819-2-scaled.jpg]
[www.hotelans.co.in/wp-content/uploads/elementor/css/post-20304d8.css]
[www.hotelans.co.in/indexc39e.html]
[www.hotelans.co.in/wp-content/uploads/2022/07/WhatsApp-Image-2022-06-30-at-11.07.19-AM.jpg]
[www.hotelans.co.in/wp-content/uploads/2022/07/WhatsApp-Image-2022-07-01-at-4.43.59-PM.jpg]
[www.hotelans.co.in/wp-content/uploads/elementor/css/post-383a833.css]
[www.hotelans.co.in/index3f97.html]
[www.hotelans.co.in/wp-content/uploads/elementor/css/post-27826bc.css]
[www.hotelans.co.in/index1641.html]
[www.hotelans.co.in/cdn-cgi/l/email-protection.html]
